// Jest Snapshot v1, https://goo.gl/fbAQLP

exports[`button test should render 1`] = `
<button
  disabled={false}
  onClick={[Function]}
>
  button
</button>
`;
